// Jest Snapshot v1, https://goo.gl/fbAQLP

exports[`AppContainer renders correctly 1`] = `
Object {
  "asFragment": [Function],
  "baseElement": <body>
    <div>
      <div
        class="sc-AxmLO exQSXV"
      >
        <div>
          <form
            class="sc-AxhCb gqRNTI"
          >
            <label
              class="sc-AxhUy fPIdVO"
              for="todo-item-input"
            >
              Enter your to-do item here:
            </label>
            <div
              class="sc-AxjAm ejbBdx"
            >
              <input
                class="sc-AxirZ TIGOt"
                id="todo_input"
                name="todo-item-input"
                placeholder="to-do"
                type="text"
                value=""
              />
              <button
                class="sc-AxiKw iWkUVY"
                id="submit"
              >
                Submit
              </button>
            </div>
          </form>
        </div>
        <div
          class="sc-Axmtr gbpYMa"
        >
          <div
            class="sc-AxgMl edRssr"
          >
            Learn React state hook
          </div>
          <button
            class="sc-AxheI kluNOV"
          >
            Complete
          </button>
        </div>
        <div
          class="sc-Axmtr gbpYMa"
        >
          <div
            class="sc-AxgMl edRssr"
          >
            Meet friends for lunch
          </div>
          <button
            class="sc-AxheI kluNOV"
          >
            Complete
          </button>
        </div>
        <div
          class="sc-Axmtr gbpYMa"
        >
          <div
            class="sc-AxgMl edRssr"
          >
            Learn React effect hook
          </div>
          <button
            class="sc-AxheI kluNOV"
          >
            Complete
          </button>
        </div>
        <div
          class="sc-Axmtr gbpYMa"
        >
          <div
            class="sc-AxgMl edRssr"
          >
            Buy groceries
          </div>
          <button
            class="sc-AxheI kluNOV"
          >
            Complete
          </button>
        </div>
      </div>
    </div>
  </body>,
  "container": <div>
    <div
      class="sc-AxmLO exQSXV"
    >
      <div>
        <form
          class="sc-AxhCb gqRNTI"
        >
          <label
            class="sc-AxhUy fPIdVO"
            for="todo-item-input"
          >
            Enter your to-do item here:
          </label>
          <div
            class="sc-AxjAm ejbBdx"
          >
            <input
              class="sc-AxirZ TIGOt"
              id="todo_input"
              name="todo-item-input"
              placeholder="to-do"
              type="text"
              value=""
            />
            <button
              class="sc-AxiKw iWkUVY"
              id="submit"
            >
              Submit
            </button>
          </div>
        </form>
      </div>
      <div
        class="sc-Axmtr gbpYMa"
      >
        <div
          class="sc-AxgMl edRssr"
        >
          Learn React state hook
        </div>
        <button
          class="sc-AxheI kluNOV"
        >
          Complete
        </button>
      </div>
      <div
        class="sc-Axmtr gbpYMa"
      >
        <div
          class="sc-AxgMl edRssr"
        >
          Meet friends for lunch
        </div>
        <button
          class="sc-AxheI kluNOV"
        >
          Complete
        </button>
      </div>
      <div
        class="sc-Axmtr gbpYMa"
      >
        <div
          class="sc-AxgMl edRssr"
        >
          Learn React effect hook
        </div>
        <button
          class="sc-AxheI kluNOV"
        >
          Complete
        </button>
      </div>
      <div
        class="sc-Axmtr gbpYMa"
      >
        <div
          class="sc-AxgMl edRssr"
        >
          Buy groceries
        </div>
        <button
          class="sc-AxheI kluNOV"
        >
          Complete
        </button>
      </div>
    </div>
  </div>,
  "debug": [Function],
  "findAllByAltText": [Function],
  "findAllByDisplayValue": [Function],
  "findAllByLabelText": [Function],
  "findAllByPlaceholderText": [Function],
  "findAllByRole": [Function],
  "findAllByTestId": [Function],
  "findAllByText": [Function],
  "findAllByTitle": [Function],
  "findByAltText": [Function],
  "findByDisplayValue": [Function],
  "findByLabelText": [Function],
  "findByPlaceholderText": [Function],
  "findByRole": [Function],
  "findByTestId": [Function],
  "findByText": [Function],
  "findByTitle": [Function],
  "getAllByAltText": [Function],
  "getAllByDisplayValue": [Function],
  "getAllByLabelText": [Function],
  "getAllByPlaceholderText": [Function],
  "getAllByRole": [Function],
  "getAllByTestId": [Function],
  "getAllByText": [Function],
  "getAllByTitle": [Function],
  "getByAltText": [Function],
  "getByDisplayValue": [Function],
  "getByLabelText": [Function],
  "getByPlaceholderText": [Function],
  "getByRole": [Function],
  "getByTestId": [Function],
  "getByText": [Function],
  "getByTitle": [Function],
  "queryAllByAltText": [Function],
  "queryAllByDisplayValue": [Function],
  "queryAllByLabelText": [Function],
  "queryAllByPlaceholderText": [Function],
  "queryAllByRole": [Function],
  "queryAllByTestId": [Function],
  "queryAllByText": [Function],
  "queryAllByTitle": [Function],
  "queryByAltText": [Function],
  "queryByDisplayValue": [Function],
  "queryByLabelText": [Function],
  "queryByPlaceholderText": [Function],
  "queryByRole": [Function],
  "queryByTestId": [Function],
  "queryByText": [Function],
  "queryByTitle": [Function],
  "rerender": [Function],
  "unmount": [Function],
}
`;
